============================================================================
| ACPYPE: AnteChamber PYthon Parser interfacE v. 2023.10.27 (c) 2025 AWSdS |
============================================================================
DEBUG: CLI: -p YT0.prmtop -x YT0_opt_charges-assigned_gaff2.inpcrd -b YT0
DEBUG: Python Version 3.8.13 (default, Mar 28 2022, 11:38:47) 
[GCC 7.5.0]
Converting Amber input files to Gromacs ...
DEBUG: prmtop and inpcrd files loaded
DEBUG: basename defined = 'YT0'
DEBUG: getCoords done
DEBUG: getABCOEFs done
DEBUG: charge to be balanced: total 0.9999999968
DEBUG: balanceCharges done
DEBUG: Balanced TotalCharge 1.0000000000
DEBUG: PBC = None
DEBUG: getAtoms done
DEBUG: getBonds done
DEBUG: getAngles done
DEBUG: getDihedrals done
==> Writing GROMACS files

==> Disambiguating lower and uppercase atomtypes in GMX top file, even if identical.

DEBUG: writing GRO file
DEBUG: Box size estimated
DEBUG: writing POSRE file
DEBUG: atomTypes 21
DEBUG: GMX atomtypes done
DEBUG: atoms 55
DEBUG: GMX atoms done
DEBUG: bonds 58
DEBUG: GMX bonds done
DEBUG: atomPairs 136
DEBUG: GMX pairs done
DEBUG: angles 107
DEBUG: GMX angles done
DEBUG: setProperDihedralsCoef done
DEBUG: properDihedralsCoefRB 158
DEBUG: properDihedralsAlphaGamma 0
DEBUG: properDihedralsGmx45 158
==> Writing GMX dihedrals for GMX 4.5 and higher.

DEBUG: GMX special proper dihedrals done
DEBUG: improperDihedrals 9
DEBUG: GMX improper dihedrals done
DEBUG: prmtop and inpcrd files parsed
Total time of execution: less than a second
DEBUG: No tmp folder left to be removed
