
 -----------------------------------------------
      Restrained ESP Fit 2.3  Amber 4.1
 -----------------------------------------------
 YT0 run #1                                                                      
 -----------------------------------------------


 inopt       =     0   ioutopt     =     0
 nmol        =     1   iqopt       =     1
 ihfree      =     1   irstrnt     =     1
 iunits      =     0   qwt         =   0.00050000
 wtmol(1) =     1.000000
 subtitle:

Resp charges for organic molecule                                               
ich =   1  iuniq =  55
    1    6    0
    2    6    0
    3    6    0
    4    6    0
    5    6    0
    6    6    0
    7    6    0
    8    7    0
    9    6    0
   10    6    0
   11    6    0
   12    6    0
   13    6    0
   14    6    0
   15    6    0
   16    6    0
   17    7    0
   18    6    0
   19    6   16
   20    6   15
   21    6   11
   22    7    0
   23    7    0
   24    7    0
   25    7    0
   26    7    0
   27   16    0
   28    7    0
   29    1    0
   30    1    0
   31    1    0
   32    1    0
   33    1   32
   34    1    0
   35    1   34
   36    1    0
   37    1   36
   38    1    0
   39    1   38
   40    1   38
   41    1   38
   42    1   36
   43    1   36
   44    1   32
   45    1   32
   46    1    0
   47    1    0
   48    1   47
   49    1   47
   50    1    0
   51    1   50
   52    1   50
   53    1    0
   54    1   53
   55    1   54
 IQOPT=1, all q0 values will be set to 0


  ----------------------------------------------------------------------------
     ATOM                       COORDINATES                         CHARGE
                       X             Y                Z
  ----------------------------------------------------------------------------
  ----------------------------------------------------------------------------


 Charge on the molecule(ich) =    1
 Total number of atoms (iuniq)     =   55
 Weight factor on initial charge restraints(qwt)=     0.50000D-03


  there are  1 charge constraints:


     1       1
     2       1
     3       1
     4       1
     5       1
     6       1
     7       1
     8       1
     9       1
    10       1
    11       1
    12       1
    13       1
    14       1
    15       1
    16       1
    17       1
    18       1
    19       1
    20       1
    21       1
    22       1
    23       1
    24       1
    25       1
    26       1
    27       1
    28       1
    29       1
    30       1
    31       1
    32       1
    33       1
    34       1
    35       1
    36       1
    37       1
    38       1
    39       1
    40       1
    41       1
    42       1
    43       1
    44       1
    45       1
    46       1
    47       1
    48       1
    49       1
    50       1
    51       1
    52       1
    53       1
    54       1
    55       1

 Reading esp"s for molecule   1
 total number of atoms      =    55
 total number of esp points =  2045


 center     X       Y       Z 
    1   0.1113631E+02  -0.6957724E+01   0.6220033E-01
    2   0.9216318E+01  -0.4886608E+01  -0.1418901E+00
    3   0.9790761E+01  -0.2312794E+01  -0.6162113E+00
    4   0.7623228E+01  -0.8615110E+00  -0.6918003E+00
    5   0.5402747E+01   0.3193813E+01  -0.1239821E+01
    6   0.3664150E+01   0.7026154E+01  -0.1954137E+01
    7   0.1226417E+01   0.6096379E+01  -0.1561074E+01
    8   0.7526818E+01   0.1712294E+01  -0.1133996E+01
    9  -0.1073400E+01   0.7715844E+01  -0.1929571E+01
   10   0.1122514E+01   0.3526350E+01  -0.9015599E+00
   11  -0.1065741E+01  -0.1888800E+00   0.8521058E+00
   12  -0.3694358E+01   0.4139086E+00   0.1976493E+01
   13  -0.4049619E+01  -0.9632122E-01   0.4818641E+01
   14  -0.2088100E+01   0.1124466E+01   0.6336091E+01
   15  -0.8229698E+01   0.2759019E+00   0.8143113E+00
   16  -0.9837846E+01  -0.4195381E+00  -0.1459029E+01
   17   0.5778773E+01   0.5641012E+01  -0.1801070E+01
   18  -0.1145352E+02  -0.4044053E+01  -0.3996931E+01
   19  -0.7269659E+01  -0.4342577E+01  -0.1852092E+01
   20  -0.5788125E+01  -0.3465725E+01   0.4420352E+00
   21  -0.3186057E+01   0.3184254E+01   0.1169580E+01
   22  -0.1143250E+01   0.2248867E+01  -0.4877099E+00
   23  -0.4875153E+00   0.2167616E+01   0.7490713E+01
   24  -0.5697452E+01  -0.7161721E+00   0.4174688E+00
   25  -0.9905840E+01  -0.3254127E+01  -0.1763275E+01
   26   0.3186114E+01   0.2061838E+01  -0.7617202E+00
   27   0.5043777E+01  -0.2813632E+01  -0.1626771E+00
   28   0.6772910E+01  -0.5444108E+01   0.1377894E+00
   29   0.1168237E+02  -0.1566328E+01  -0.8845524E+00
   30   0.3932467E+01   0.9006591E+01  -0.2449245E+01
   31   0.9174648E+01   0.2634501E+01  -0.1483596E+01
   32   0.4252545E+00  -0.2663399E+00   0.2290187E+01
   33  -0.8748581E+00  -0.1832940E+01  -0.3875544E+00
   34  -0.5895890E+01   0.5952958E+00   0.5459258E+01
   35  -0.3992902E+01  -0.2135336E+01   0.5190917E+01
   36  -0.8178702E+01   0.2337593E+01   0.9428126E+00
   37  -0.9142426E+01  -0.4289772E+00   0.2560418E+01
   38  -0.1179372E+02   0.2210545E+00  -0.1270056E+01
   39  -0.9012045E+01   0.3401431E+00  -0.3191908E+01
   40  -0.7458605E+01  -0.6398601E+01  -0.1931461E+01
   41  -0.6398504E+01  -0.3649036E+01  -0.3588750E+01
   42  -0.3881382E+01  -0.4244268E+01   0.2946366E+00
   43  -0.6647939E+01  -0.4253752E+01   0.2178693E+01
   44  -0.4707298E+01   0.4182011E+01   0.1869223E+00
   45  -0.2503879E+01   0.4342664E+01   0.2749391E+01
   46  -0.1075999E+02  -0.3974124E+01  -0.1683462E+00
   47  -0.1335648E+02  -0.3282518E+01  -0.3790951E+01
   48  -0.1056157E+02  -0.3291931E+01  -0.5693905E+01
   49  -0.1151018E+02  -0.6101965E+01  -0.4072520E+01
   50  -0.5405202E+00   0.9503532E+01  -0.2815852E+01
   51  -0.2439661E+01   0.6774743E+01  -0.3169231E+01
   52  -0.2023938E+01   0.8167477E+01  -0.1475593E+00
   53   0.1223424E+02  -0.7127784E+01  -0.1683906E+01
   54   0.1246100E+02  -0.6592989E+01   0.1607996E+01
   55   0.1017824E+02  -0.8749195E+01   0.4193585E+00
 Initial ssvpot =    17.816


 Number of unique UNfrozen centers=   36

 Non-linear optimization requested.
 qchnge =    0.3934831815E-01
 qchnge =    0.6538826484E-02
 qchnge =    0.1660843450E-02
 qchnge =    0.5044216016E-03
 qchnge =    0.1774846521E-03
 qchnge =    0.6724834132E-04
 qchnge =    0.2651805095E-04
 qchnge =    0.1070261121E-04
 qchnge =    0.4380171662E-05
 qchnge =    0.1808345373E-05
 qchnge =    0.7508817501E-06

 Convergence in   10 iterations


Resp charges for organic molecule                                               

          Point Charges Before & After Optimization

    no.  At.no.    q(init)       q(opt)     ivary    d(rstr)/dq
    1   6       0.000000      -0.200769      0       0.002229
    2   6       0.000000       0.392088      0       0.001236
    3   6       0.000000      -0.323855      0       0.001475
    4   6       0.000000       0.064465      0       0.004202
    5   6       0.000000       0.695377      0       0.000712
    6   6       0.000000       0.171952      0       0.002514
    7   6       0.000000      -0.096056      0       0.003606
    8   7       0.000000      -0.377956      0       0.001279
    9   6       0.000000      -0.278572      0       0.001689
   10   6       0.000000       0.459584      0       0.001063
   11   6       0.000000       0.002638      0       0.004998
   12   6       0.000000       0.118155      0       0.003230
   13   6       0.000000      -0.021797      0       0.004885
   14   6       0.000000       0.241529      0       0.001913
   15   6       0.000000      -0.045549      0       0.004550
   16   6       0.000000      -0.036414      0       0.004698
   17   7       0.000000      -0.673272      0       0.000735
   18   6       0.000000      -0.235730      0       0.001953
   19   6       0.000000      -0.036414     16       0.004698
   20   6       0.000000      -0.045549     15       0.004550
   21   6       0.000000       0.002638     11       0.004998
   22   7       0.000000      -0.513644      0       0.000955
   23   7       0.000000      -0.394198      0       0.001229
   24   7       0.000000      -0.283119      0       0.001665
   25   7       0.000000      -0.122937      0       0.003155
   26   7       0.000000      -0.429687      0       0.001133
   27  16       0.000000       0.086791      0       0.003776
   28   7       0.000000      -0.489084      0       0.001002
   29   1       0.000000       0.169942      0       0.000000
   30   1       0.000000       0.166968      0       0.000000
   31   1       0.000000       0.337765      0       0.000000
   32   1       0.000000       0.112871      0       0.000000
   33   1       0.000000       0.112871     32       0.000000
   34   1       0.000000       0.073223      0       0.000000
   35   1       0.000000       0.073223     34       0.000000
   36   1       0.000000       0.084861      0       0.000000
   37   1       0.000000       0.084861     36       0.000000
   38   1       0.000000       0.128900      0       0.000000
   39   1       0.000000       0.128900     38       0.000000
   40   1       0.000000       0.128900     38       0.000000
   41   1       0.000000       0.128900     38       0.000000
   42   1       0.000000       0.084861     36       0.000000
   43   1       0.000000       0.084861     36       0.000000
   44   1       0.000000       0.112871     32       0.000000
   45   1       0.000000       0.112871     32       0.000000
   46   1       0.000000       0.308493      0       0.000000
   47   1       0.000000       0.151537      0       0.000000
   48   1       0.000000       0.151537     47       0.000000
   49   1       0.000000       0.151537     47       0.000000
   50   1       0.000000       0.087096      0       0.000000
   51   1       0.000000       0.087096     50       0.000000
   52   1       0.000000       0.087096     50       0.000000
   53   1       0.000000       0.072448      0       0.000000
   54   1       0.000000       0.072448     53       0.000000
   55   1       0.000000       0.072448     54       0.000000

 Sum over the calculated charges:      1.000

        Statistics of the fitting:
  The initial sum of squares (ssvpot)                     17.816
  The residual sum of squares (chipot)                     0.009
  The std err of estimate (sqrt(chipot/N))               0.00214
  ESP relative RMS (SQRT(chipot/ssvpot))                 0.02290

 Center of Mass (Angst.):

 X  =   0.00000      Y  =   0.00000      Z  =   0.00000

 Dipole (Debye):

 X  = -24.82219      Y  =  -4.86886      Z  =  -5.12094

 Dipole Moment (Debye)=  25.80835

 Quadrupole (Debye*Angst.):

 Qxx = 294.76183     QYY =-104.48791     QZZ =-190.27392
 Qxy = -98.59816     QXZ =-172.09900     QYZ =-204.60912
